#ifndef APPROVAL_TESTS_CPP_QT_APPROVALS_HPP
#define APPROVAL_TESTS_CPP_QT_APPROVALS_HPP

// This file is machine-generated. Do not edit.

#include "ApprovalTestsQt/integrations/LoadApprovals.h"
#include "ApprovalTestsQt/writers/QTableViewWriter.h"
#include "ApprovalTestsQt/writers/QImageApprovalWriter.h"
#include "ApprovalTestsQt/ApprovalTestsQtVersion.h"
#include "ApprovalTestsQt/ApprovalsQt.h"
#include "ApprovalTestsQt/comparators/QImageApprovalComparator.h"
#include "ApprovalTestsQt/integrations/catch/Catch2QtApprovals.h"
#include "ApprovalTestsQt/integrations/catch/Catch2QtStringMaker.h"

#endif // APPROVAL_TESTS_CPP_QT_APPROVALS_HPP
