'https://github.com/approvals/ApprovalTests.cpp.Qt/releases/new?tag=v.0.1.0&title=Single%20Hpp%20File%20-%20v.0.1.0'