'https://twitter.com/intent/tweet?text=%23ApprovalTests.cpp+v.0.1.0+released%2C+now+with+___%21%0D%0Ahttps%3A%2F%2Fgithub.com%2Fapprovals%2FApprovalTests.cpp%2Freleases%2Ftag%2Fv.0.1.0+%0D%0Aor+try+the+starter+project%3A+https%3A%2F%2Fgithub.com%2Fapprovals%2FApprovalTests.cpp.StarterProject%0D%0AThanks+%40LlewellynFalco+%40ClareMacraeUK+%21'