"Column 1"	"Column 2"	"Column 3"
"1"	"2"	"3"
"2"	"4"	"6"
